// Jest Snapshot v1, https://goo.gl/fbAQLP

exports[`renders correctly 1`] = `
<div>
  <h3>
    Manuel Castro
  </h3>
  <img
    alt=""
    src="url"
  />
  <p>
    Post title
  </p>
</div>
`;
